  Geri yüklenecek projeler belirleniyor...
  Geri yükleme için tüm projeler güncel.
C:\Program Files\dotnet\sdk\9.0.305\Microsoft.Common.CurrentVersion.targets(5394,5): warning MSB3026: "C:\Users\yuces\Desktop\Projelerim\Su\anketson (3)\anketson\AnketOtomasyonu\obj\Debug\net8.0\apphost.exe", "bin\Debug\net8.0\AnketOtomasyonu.exe" üzerine kopyalanamadı. 1 numaralı yeniden denemeye 1000 ms içinde başlanacak. The process cannot access the file 'C:\Users\yuces\Desktop\Projelerim\Su\anketson (3)\anketson\AnketOtomasyonu\bin\Debug\net8.0\AnketOtomasyonu.exe' because it is being used by another process. Dosya şunun tarafından kilitlendi: "AnketOtomasyonu (8216)" [C:\Users\yuces\Desktop\Projelerim\Su\anketson (3)\anketson\AnketOtomasyonu\AnketOtomasyonu.csproj]
C:\Program Files\dotnet\sdk\9.0.305\Microsoft.Common.CurrentVersion.targets(5394,5): warning MSB3026: "C:\Users\yuces\Desktop\Projelerim\Su\anketson (3)\anketson\AnketOtomasyonu\obj\Debug\net8.0\apphost.exe", "bin\Debug\net8.0\AnketOtomasyonu.exe" üzerine kopyalanamadı. 2 numaralı yeniden denemeye 1000 ms içinde başlanacak. The process cannot access the file 'C:\Users\yuces\Desktop\Projelerim\Su\anketson (3)\anketson\AnketOtomasyonu\bin\Debug\net8.0\AnketOtomasyonu.exe' because it is being used by another process. Dosya şunun tarafından kilitlendi: "AnketOtomasyonu (8216)" [C:\Users\yuces\Desktop\Projelerim\Su\anketson (3)\anketson\AnketOtomasyonu\AnketOtomasyonu.csproj]
C:\Program Files\dotnet\sdk\9.0.305\Microsoft.Common.CurrentVersion.targets(5394,5): warning MSB3026: "C:\Users\yuces\Desktop\Projelerim\Su\anketson (3)\anketson\AnketOtomasyonu\obj\Debug\net8.0\apphost.exe", "bin\Debug\net8.0\AnketOtomasyonu.exe" üzerine kopyalanamadı. 3 numaralı yeniden denemeye 1000 ms içinde başlanacak. The process cannot access the file 'C:\Users\yuces\Desktop\Projelerim\Su\anketson (3)\anketson\AnketOtomasyonu\bin\Debug\net8.0\AnketOtomasyonu.exe' because it is being used by another process. Dosya şunun tarafından kilitlendi: "AnketOtomasyonu (8216)" [C:\Users\yuces\Desktop\Projelerim\Su\anketson (3)\anketson\AnketOtomasyonu\AnketOtomasyonu.csproj]
C:\Program Files\dotnet\sdk\9.0.305\Microsoft.Common.CurrentVersion.targets(5394,5): warning MSB3026: "C:\Users\yuces\Desktop\Projelerim\Su\anketson (3)\anketson\AnketOtomasyonu\obj\Debug\net8.0\apphost.exe", "bin\Debug\net8.0\AnketOtomasyonu.exe" üzerine kopyalanamadı. 4 numaralı yeniden denemeye 1000 ms içinde başlanacak. The process cannot access the file 'C:\Users\yuces\Desktop\Projelerim\Su\anketson (3)\anketson\AnketOtomasyonu\bin\Debug\net8.0\AnketOtomasyonu.exe' because it is being used by another process. Dosya şunun tarafından kilitlendi: "AnketOtomasyonu (8216)" [C:\Users\yuces\Desktop\Projelerim\Su\anketson (3)\anketson\AnketOtomasyonu\AnketOtomasyonu.csproj]
C:\Program Files\dotnet\sdk\9.0.305\Microsoft.Common.CurrentVersion.targets(5394,5): warning MSB3026: "C:\Users\yuces\Desktop\Projelerim\Su\anketson (3)\anketson\AnketOtomasyonu\obj\Debug\net8.0\apphost.exe", "bin\Debug\net8.0\AnketOtomasyonu.exe" üzerine kopyalanamadı. 5 numaralı yeniden denemeye 1000 ms içinde başlanacak. The process cannot access the file 'C:\Users\yuces\Desktop\Projelerim\Su\anketson (3)\anketson\AnketOtomasyonu\bin\Debug\net8.0\AnketOtomasyonu.exe' because it is being used by another process. Dosya şunun tarafından kilitlendi: "AnketOtomasyonu (8216)" [C:\Users\yuces\Desktop\Projelerim\Su\anketson (3)\anketson\AnketOtomasyonu\AnketOtomasyonu.csproj]
C:\Program Files\dotnet\sdk\9.0.305\Microsoft.Common.CurrentVersion.targets(5394,5): warning MSB3026: "C:\Users\yuces\Desktop\Projelerim\Su\anketson (3)\anketson\AnketOtomasyonu\obj\Debug\net8.0\apphost.exe", "bin\Debug\net8.0\AnketOtomasyonu.exe" üzerine kopyalanamadı. 6 numaralı yeniden denemeye 1000 ms içinde başlanacak. The process cannot access the file 'C:\Users\yuces\Desktop\Projelerim\Su\anketson (3)\anketson\AnketOtomasyonu\bin\Debug\net8.0\AnketOtomasyonu.exe' because it is being used by another process. Dosya şunun tarafından kilitlendi: "AnketOtomasyonu (8216)" [C:\Users\yuces\Desktop\Projelerim\Su\anketson (3)\anketson\AnketOtomasyonu\AnketOtomasyonu.csproj]
C:\Program Files\dotnet\sdk\9.0.305\Microsoft.Common.CurrentVersion.targets(5394,5): warning MSB3026: "C:\Users\yuces\Desktop\Projelerim\Su\anketson (3)\anketson\AnketOtomasyonu\obj\Debug\net8.0\apphost.exe", "bin\Debug\net8.0\AnketOtomasyonu.exe" üzerine kopyalanamadı. 7 numaralı yeniden denemeye 1000 ms içinde başlanacak. The process cannot access the file 'C:\Users\yuces\Desktop\Projelerim\Su\anketson (3)\anketson\AnketOtomasyonu\bin\Debug\net8.0\AnketOtomasyonu.exe' because it is being used by another process. Dosya şunun tarafından kilitlendi: "AnketOtomasyonu (8216)" [C:\Users\yuces\Desktop\Projelerim\Su\anketson (3)\anketson\AnketOtomasyonu\AnketOtomasyonu.csproj]
C:\Program Files\dotnet\sdk\9.0.305\Microsoft.Common.CurrentVersion.targets(5394,5): warning MSB3026: "C:\Users\yuces\Desktop\Projelerim\Su\anketson (3)\anketson\AnketOtomasyonu\obj\Debug\net8.0\apphost.exe", "bin\Debug\net8.0\AnketOtomasyonu.exe" üzerine kopyalanamadı. 8 numaralı yeniden denemeye 1000 ms içinde başlanacak. The process cannot access the file 'C:\Users\yuces\Desktop\Projelerim\Su\anketson (3)\anketson\AnketOtomasyonu\bin\Debug\net8.0\AnketOtomasyonu.exe' because it is being used by another process. Dosya şunun tarafından kilitlendi: "AnketOtomasyonu (8216)" [C:\Users\yuces\Desktop\Projelerim\Su\anketson (3)\anketson\AnketOtomasyonu\AnketOtomasyonu.csproj]
C:\Program Files\dotnet\sdk\9.0.305\Microsoft.Common.CurrentVersion.targets(5394,5): warning MSB3026: "C:\Users\yuces\Desktop\Projelerim\Su\anketson (3)\anketson\AnketOtomasyonu\obj\Debug\net8.0\apphost.exe", "bin\Debug\net8.0\AnketOtomasyonu.exe" üzerine kopyalanamadı. 9 numaralı yeniden denemeye 1000 ms içinde başlanacak. The process cannot access the file 'C:\Users\yuces\Desktop\Projelerim\Su\anketson (3)\anketson\AnketOtomasyonu\bin\Debug\net8.0\AnketOtomasyonu.exe' because it is being used by another process. Dosya şunun tarafından kilitlendi: "AnketOtomasyonu (8216)" [C:\Users\yuces\Desktop\Projelerim\Su\anketson (3)\anketson\AnketOtomasyonu\AnketOtomasyonu.csproj]
C:\Program Files\dotnet\sdk\9.0.305\Microsoft.Common.CurrentVersion.targets(5394,5): warning MSB3026: "C:\Users\yuces\Desktop\Projelerim\Su\anketson (3)\anketson\AnketOtomasyonu\obj\Debug\net8.0\apphost.exe", "bin\Debug\net8.0\AnketOtomasyonu.exe" üzerine kopyalanamadı. 10 numaralı yeniden denemeye 1000 ms içinde başlanacak. The process cannot access the file 'C:\Users\yuces\Desktop\Projelerim\Su\anketson (3)\anketson\AnketOtomasyonu\bin\Debug\net8.0\AnketOtomasyonu.exe' because it is being used by another process. Dosya şunun tarafından kilitlendi: "AnketOtomasyonu (8216)" [C:\Users\yuces\Desktop\Projelerim\Su\anketson (3)\anketson\AnketOtomasyonu\AnketOtomasyonu.csproj]
C:\Program Files\dotnet\sdk\9.0.305\Microsoft.Common.CurrentVersion.targets(5394,5): error MSB3027: "C:\Users\yuces\Desktop\Projelerim\Su\anketson (3)\anketson\AnketOtomasyonu\obj\Debug\net8.0\apphost.exe", "bin\Debug\net8.0\AnketOtomasyonu.exe" üzerine kopyalanamadı. 10 yeniden deneme sayısı aşıldı. Başarısız oldu. Dosya şunun tarafından kilitlendi: "AnketOtomasyonu (8216)" [C:\Users\yuces\Desktop\Projelerim\Su\anketson (3)\anketson\AnketOtomasyonu\AnketOtomasyonu.csproj]
C:\Program Files\dotnet\sdk\9.0.305\Microsoft.Common.CurrentVersion.targets(5394,5): error MSB3021: "C:\Users\yuces\Desktop\Projelerim\Su\anketson (3)\anketson\AnketOtomasyonu\obj\Debug\net8.0\apphost.exe" dosyası "bin\Debug\net8.0\AnketOtomasyonu.exe" üzerine kopyalanamıyor. The process cannot access the file 'C:\Users\yuces\Desktop\Projelerim\Su\anketson (3)\anketson\AnketOtomasyonu\bin\Debug\net8.0\AnketOtomasyonu.exe' because it is being used by another process. [C:\Users\yuces\Desktop\Projelerim\Su\anketson (3)\anketson\AnketOtomasyonu\AnketOtomasyonu.csproj]

Oluşturma BAŞARISIZ OLDU.

C:\Program Files\dotnet\sdk\9.0.305\Microsoft.Common.CurrentVersion.targets(5394,5): warning MSB3026: "C:\Users\yuces\Desktop\Projelerim\Su\anketson (3)\anketson\AnketOtomasyonu\obj\Debug\net8.0\apphost.exe", "bin\Debug\net8.0\AnketOtomasyonu.exe" üzerine kopyalanamadı. 1 numaralı yeniden denemeye 1000 ms içinde başlanacak. The process cannot access the file 'C:\Users\yuces\Desktop\Projelerim\Su\anketson (3)\anketson\AnketOtomasyonu\bin\Debug\net8.0\AnketOtomasyonu.exe' because it is being used by another process. Dosya şunun tarafından kilitlendi: "AnketOtomasyonu (8216)" [C:\Users\yuces\Desktop\Projelerim\Su\anketson (3)\anketson\AnketOtomasyonu\AnketOtomasyonu.csproj]
C:\Program Files\dotnet\sdk\9.0.305\Microsoft.Common.CurrentVersion.targets(5394,5): warning MSB3026: "C:\Users\yuces\Desktop\Projelerim\Su\anketson (3)\anketson\AnketOtomasyonu\obj\Debug\net8.0\apphost.exe", "bin\Debug\net8.0\AnketOtomasyonu.exe" üzerine kopyalanamadı. 2 numaralı yeniden denemeye 1000 ms içinde başlanacak. The process cannot access the file 'C:\Users\yuces\Desktop\Projelerim\Su\anketson (3)\anketson\AnketOtomasyonu\bin\Debug\net8.0\AnketOtomasyonu.exe' because it is being used by another process. Dosya şunun tarafından kilitlendi: "AnketOtomasyonu (8216)" [C:\Users\yuces\Desktop\Projelerim\Su\anketson (3)\anketson\AnketOtomasyonu\AnketOtomasyonu.csproj]
C:\Program Files\dotnet\sdk\9.0.305\Microsoft.Common.CurrentVersion.targets(5394,5): warning MSB3026: "C:\Users\yuces\Desktop\Projelerim\Su\anketson (3)\anketson\AnketOtomasyonu\obj\Debug\net8.0\apphost.exe", "bin\Debug\net8.0\AnketOtomasyonu.exe" üzerine kopyalanamadı. 3 numaralı yeniden denemeye 1000 ms içinde başlanacak. The process cannot access the file 'C:\Users\yuces\Desktop\Projelerim\Su\anketson (3)\anketson\AnketOtomasyonu\bin\Debug\net8.0\AnketOtomasyonu.exe' because it is being used by another process. Dosya şunun tarafından kilitlendi: "AnketOtomasyonu (8216)" [C:\Users\yuces\Desktop\Projelerim\Su\anketson (3)\anketson\AnketOtomasyonu\AnketOtomasyonu.csproj]
C:\Program Files\dotnet\sdk\9.0.305\Microsoft.Common.CurrentVersion.targets(5394,5): warning MSB3026: "C:\Users\yuces\Desktop\Projelerim\Su\anketson (3)\anketson\AnketOtomasyonu\obj\Debug\net8.0\apphost.exe", "bin\Debug\net8.0\AnketOtomasyonu.exe" üzerine kopyalanamadı. 4 numaralı yeniden denemeye 1000 ms içinde başlanacak. The process cannot access the file 'C:\Users\yuces\Desktop\Projelerim\Su\anketson (3)\anketson\AnketOtomasyonu\bin\Debug\net8.0\AnketOtomasyonu.exe' because it is being used by another process. Dosya şunun tarafından kilitlendi: "AnketOtomasyonu (8216)" [C:\Users\yuces\Desktop\Projelerim\Su\anketson (3)\anketson\AnketOtomasyonu\AnketOtomasyonu.csproj]
C:\Program Files\dotnet\sdk\9.0.305\Microsoft.Common.CurrentVersion.targets(5394,5): warning MSB3026: "C:\Users\yuces\Desktop\Projelerim\Su\anketson (3)\anketson\AnketOtomasyonu\obj\Debug\net8.0\apphost.exe", "bin\Debug\net8.0\AnketOtomasyonu.exe" üzerine kopyalanamadı. 5 numaralı yeniden denemeye 1000 ms içinde başlanacak. The process cannot access the file 'C:\Users\yuces\Desktop\Projelerim\Su\anketson (3)\anketson\AnketOtomasyonu\bin\Debug\net8.0\AnketOtomasyonu.exe' because it is being used by another process. Dosya şunun tarafından kilitlendi: "AnketOtomasyonu (8216)" [C:\Users\yuces\Desktop\Projelerim\Su\anketson (3)\anketson\AnketOtomasyonu\AnketOtomasyonu.csproj]
C:\Program Files\dotnet\sdk\9.0.305\Microsoft.Common.CurrentVersion.targets(5394,5): warning MSB3026: "C:\Users\yuces\Desktop\Projelerim\Su\anketson (3)\anketson\AnketOtomasyonu\obj\Debug\net8.0\apphost.exe", "bin\Debug\net8.0\AnketOtomasyonu.exe" üzerine kopyalanamadı. 6 numaralı yeniden denemeye 1000 ms içinde başlanacak. The process cannot access the file 'C:\Users\yuces\Desktop\Projelerim\Su\anketson (3)\anketson\AnketOtomasyonu\bin\Debug\net8.0\AnketOtomasyonu.exe' because it is being used by another process. Dosya şunun tarafından kilitlendi: "AnketOtomasyonu (8216)" [C:\Users\yuces\Desktop\Projelerim\Su\anketson (3)\anketson\AnketOtomasyonu\AnketOtomasyonu.csproj]
C:\Program Files\dotnet\sdk\9.0.305\Microsoft.Common.CurrentVersion.targets(5394,5): warning MSB3026: "C:\Users\yuces\Desktop\Projelerim\Su\anketson (3)\anketson\AnketOtomasyonu\obj\Debug\net8.0\apphost.exe", "bin\Debug\net8.0\AnketOtomasyonu.exe" üzerine kopyalanamadı. 7 numaralı yeniden denemeye 1000 ms içinde başlanacak. The process cannot access the file 'C:\Users\yuces\Desktop\Projelerim\Su\anketson (3)\anketson\AnketOtomasyonu\bin\Debug\net8.0\AnketOtomasyonu.exe' because it is being used by another process. Dosya şunun tarafından kilitlendi: "AnketOtomasyonu (8216)" [C:\Users\yuces\Desktop\Projelerim\Su\anketson (3)\anketson\AnketOtomasyonu\AnketOtomasyonu.csproj]
C:\Program Files\dotnet\sdk\9.0.305\Microsoft.Common.CurrentVersion.targets(5394,5): warning MSB3026: "C:\Users\yuces\Desktop\Projelerim\Su\anketson (3)\anketson\AnketOtomasyonu\obj\Debug\net8.0\apphost.exe", "bin\Debug\net8.0\AnketOtomasyonu.exe" üzerine kopyalanamadı. 8 numaralı yeniden denemeye 1000 ms içinde başlanacak. The process cannot access the file 'C:\Users\yuces\Desktop\Projelerim\Su\anketson (3)\anketson\AnketOtomasyonu\bin\Debug\net8.0\AnketOtomasyonu.exe' because it is being used by another process. Dosya şunun tarafından kilitlendi: "AnketOtomasyonu (8216)" [C:\Users\yuces\Desktop\Projelerim\Su\anketson (3)\anketson\AnketOtomasyonu\AnketOtomasyonu.csproj]
C:\Program Files\dotnet\sdk\9.0.305\Microsoft.Common.CurrentVersion.targets(5394,5): warning MSB3026: "C:\Users\yuces\Desktop\Projelerim\Su\anketson (3)\anketson\AnketOtomasyonu\obj\Debug\net8.0\apphost.exe", "bin\Debug\net8.0\AnketOtomasyonu.exe" üzerine kopyalanamadı. 9 numaralı yeniden denemeye 1000 ms içinde başlanacak. The process cannot access the file 'C:\Users\yuces\Desktop\Projelerim\Su\anketson (3)\anketson\AnketOtomasyonu\bin\Debug\net8.0\AnketOtomasyonu.exe' because it is being used by another process. Dosya şunun tarafından kilitlendi: "AnketOtomasyonu (8216)" [C:\Users\yuces\Desktop\Projelerim\Su\anketson (3)\anketson\AnketOtomasyonu\AnketOtomasyonu.csproj]
C:\Program Files\dotnet\sdk\9.0.305\Microsoft.Common.CurrentVersion.targets(5394,5): warning MSB3026: "C:\Users\yuces\Desktop\Projelerim\Su\anketson (3)\anketson\AnketOtomasyonu\obj\Debug\net8.0\apphost.exe", "bin\Debug\net8.0\AnketOtomasyonu.exe" üzerine kopyalanamadı. 10 numaralı yeniden denemeye 1000 ms içinde başlanacak. The process cannot access the file 'C:\Users\yuces\Desktop\Projelerim\Su\anketson (3)\anketson\AnketOtomasyonu\bin\Debug\net8.0\AnketOtomasyonu.exe' because it is being used by another process. Dosya şunun tarafından kilitlendi: "AnketOtomasyonu (8216)" [C:\Users\yuces\Desktop\Projelerim\Su\anketson (3)\anketson\AnketOtomasyonu\AnketOtomasyonu.csproj]
C:\Program Files\dotnet\sdk\9.0.305\Microsoft.Common.CurrentVersion.targets(5394,5): error MSB3027: "C:\Users\yuces\Desktop\Projelerim\Su\anketson (3)\anketson\AnketOtomasyonu\obj\Debug\net8.0\apphost.exe", "bin\Debug\net8.0\AnketOtomasyonu.exe" üzerine kopyalanamadı. 10 yeniden deneme sayısı aşıldı. Başarısız oldu. Dosya şunun tarafından kilitlendi: "AnketOtomasyonu (8216)" [C:\Users\yuces\Desktop\Projelerim\Su\anketson (3)\anketson\AnketOtomasyonu\AnketOtomasyonu.csproj]
C:\Program Files\dotnet\sdk\9.0.305\Microsoft.Common.CurrentVersion.targets(5394,5): error MSB3021: "C:\Users\yuces\Desktop\Projelerim\Su\anketson (3)\anketson\AnketOtomasyonu\obj\Debug\net8.0\apphost.exe" dosyası "bin\Debug\net8.0\AnketOtomasyonu.exe" üzerine kopyalanamıyor. The process cannot access the file 'C:\Users\yuces\Desktop\Projelerim\Su\anketson (3)\anketson\AnketOtomasyonu\bin\Debug\net8.0\AnketOtomasyonu.exe' because it is being used by another process. [C:\Users\yuces\Desktop\Projelerim\Su\anketson (3)\anketson\AnketOtomasyonu\AnketOtomasyonu.csproj]
    10 Uyarı
    2 Hata

Geçen Süre 00:00:15.10
